###############################################################################
#
# IAR ELF Linker V9.10.1.308/W64 for ARM                  27/Feb/2021  00:11:32
# Copyright 2007-2021 IAR Systems AB.
#
#    Output file  =
#        C:\Users\Ardissone\ric\EK-TM4C1294_IAR8\Projects\simple_io_process_sp\Debug\Exe\simple_io_process_sp.out
#    Map file     =
#        C:\Users\Ardissone\ric\EK-TM4C1294_IAR8\Projects\simple_io_process_sp\Debug\List\simple_io_process_sp.map
#    Command line =
#        -f
#        C:\Users\Ardissone\ric\EK-TM4C1294_IAR8\Projects\simple_io_process_sp\Debug\Exe\simple_io_process_sp.out.rsp
#        (C:\Users\Ardissone\ric\EK-TM4C1294_IAR8\TivaWare_C_Series-2.1.4.178\driverlib\ewarm\Exe\driverlib.a
#        C:\Users\Ardissone\ric\EK-TM4C1294_IAR8\Projects\simple_io_process_sp\Debug\Obj\simple_io_process_sp.o
#        C:\Users\Ardissone\ric\EK-TM4C1294_IAR8\Projects\simple_io_process_sp\Debug\Obj\startup_TM4C1294.o
#        C:\Users\Ardissone\ric\EK-TM4C1294_IAR8\Projects\simple_io_process_sp\Debug\Obj\system_TM4C1294_TW.o
#        --no_out_extension -o
#        C:\Users\Ardissone\ric\EK-TM4C1294_IAR8\Projects\simple_io_process_sp\Debug\Exe\simple_io_process_sp.out
#        --map
#        C:\Users\Ardissone\ric\EK-TM4C1294_IAR8\Projects\simple_io_process_sp\Debug\List\simple_io_process_sp.map
#        --config "C:\Program Files\IAR Systems\Embedded Workbench
#        9.0\arm\config\linker\TexasInstruments\TM4C1294NC.icf" --semihosting
#        --entry __iar_program_start --vfe --text_out locale)
#
###############################################################################

*******************************************************************************
*** MESSAGES
***

Warning[Lt009]: Inconsistent wchar_t size
            gpio.o(driverlib.a) and 4 other objects in driverlib.a have wchar_t
                      size 16 bits
            simple_io_process_sp.o and 14 other objects, some of them in
                      dl7M_tln.a and 11 other libraries have wchar_t size 32
                      bits


*******************************************************************************
*** RUNTIME MODEL ATTRIBUTES
***

CppFlavor       = *
__SystemLibrary = DLib
__dlib_version  = 6


*******************************************************************************
*** HEAP SELECTION
***

The basic heap was selected because some modules are built with
size limitations (and not runtime checking), and --advanced_heap
was not specified.


*******************************************************************************
*** PLACEMENT SUMMARY
***

"A0":  place at address 0x0 { ro section .intvec };
"P1":  place in [from 0x0 to 0xf'ffff] { ro };
define block CSTACK with size = 32K, alignment = 8 { };
define block HEAP with size = 64K, alignment = 8 { };
"P2":  place in [from 0x2000'0000 to 0x2003'ffff] {
          rw, block CSTACK, block HEAP };

  Section          Kind         Address    Size  Object
  -------          ----         -------    ----  ------
"A0":                                     0x3c0
  .intvec          ro code          0x0   0x3c0  startup_TM4C1294.o [1]
                                - 0x3c0   0x3c0

"P1":                                     0xb50
  .text            ro code        0x3c0   0x4e0  sysctl.o [3]
  .text            ro code        0x8a0   0x1aa  DblMul.o [4]
  .text            ro code        0xa4a     0x2  startup_TM4C1294.o [1]
  .text            ro code        0xa4c   0x16e  gpio.o [3]
  .text            ro code        0xbbc   0x148  simple_io_process_sp.o [1]
  .text            ro code        0xd04    0x28  systick.o [3]
  .text            ro code        0xd2c    0x48  FltToDbl.o [4]
  .text            ro code        0xd74    0x68  DblToFlt.o [4]
  .text            ro code        0xddc    0x38  zero_init3.o [5]
  .text            ro code        0xe14    0x30  startup_TM4C1294.o [1]
  .text            ro code        0xe44    0x30  system_TM4C1294_TW.o [1]
  .text            ro code        0xe74    0x28  data_init.o [5]
  .iar.init_table  const          0xe9c    0x10  - Linker created -
  .text            ro code        0xeac    0x1e  cmain.o [5]
  .text            ro code        0xeca     0x4  low_level_init.o [2]
  .text            ro code        0xece     0x4  exit.o [2]
  .text            ro code        0xed4     0xa  cexit.o [5]
  .text            ro code        0xee0    0x14  exit.o [6]
  .text            ro code        0xef4    0x1c  cstartup_M.o [5]
  .rodata          const          0xf10     0x0  zero_init3.o [5]
                                - 0xf10   0xb50

"P2", part 1 of 2:                          0x4
  .bss             zero     0x2000'0000     0x1  simple_io_process_sp.o [1]
                          - 0x2000'0001     0x1

"P2", part 2 of 2:                       0x8004
  .noinit          uninit   0x2000'0004     0x4  system_TM4C1294_TW.o [1]
  CSTACK                    0x2000'0008  0x8000  <Block>
    CSTACK         uninit   0x2000'0008  0x8000  <Block tail>
                          - 0x2000'8008  0x8004

Unused ranges:

         From           To      Size
         ----           --      ----
        0xf10     0xf'ffff  0xf'f0f0
  0x2000'8008  0x2003'ffff  0x3'7ff8


*******************************************************************************
*** INIT TABLE
***

          Address      Size
          -------      ----
Zero (__iar_zero_init3)
    1 destination range, total size 0x1:
          0x2000'0000   0x1



*******************************************************************************
*** MODULE SUMMARY
***

    Module                  ro code  ro data  rw data
    ------                  -------  -------  -------
command line/config:
    -------------------------------------------------
    Total:

C:\Users\Ardissone\ric\EK-TM4C1294_IAR8\Projects\simple_io_process_sp\Debug\Obj: [1]
    simple_io_process_sp.o      328                 1
    startup_TM4C1294.o        1'010
    system_TM4C1294_TW.o         48                 4
    -------------------------------------------------
    Total:                    1'386                 5

dl7M_tln.a: [2]
    exit.o                        4
    low_level_init.o              4
    -------------------------------------------------
    Total:                        8

driverlib.a: [3]
    gpio.o                      366
    sysctl.o                  1'248
    systick.o                    40
    -------------------------------------------------
    Total:                    1'654

m7M_tls.a: [4]
    DblMul.o                    426
    DblToFlt.o                  104
    FltToDbl.o                   72
    -------------------------------------------------
    Total:                      602

rt7M_tl.a: [5]
    cexit.o                      10
    cmain.o                      30
    cstartup_M.o                 28
    data_init.o                  40
    zero_init3.o                 56
    -------------------------------------------------
    Total:                      164

shb_l.a: [6]
    exit.o                       20
    -------------------------------------------------
    Total:                       20

    Gaps                          6
    Linker created                        16   32'768
-----------------------------------------------------
    Grand Total:              3'840       16   32'773


*******************************************************************************
*** ENTRY LIST
***

Entry                       Address   Size  Type      Object
-----                       -------   ----  ----      ------
.iar.init_table$$Base         0xe9c          --   Gb  - Linker created -
.iar.init_table$$Limit        0xeac          --   Gb  - Linker created -
?main                         0xead         Code  Gb  cmain.o [5]
CSTACK$$Base            0x2000'0008          --   Gb  - Linker created -
CSTACK$$Limit           0x2000'8008          --   Gb  - Linker created -
GPIODirModeSet                0xa4d   0x28  Code  Gb  gpio.o [3]
GPIOPadConfigSet              0xa75   0xfe  Code  Gb  gpio.o [3]
GPIOPinRead                   0xb73    0x6  Code  Gb  gpio.o [3]
GPIOPinTypeGPIOInput          0xb83   0x14  Code  Gb  gpio.o [3]
GPIOPinTypeGPIOOutput         0xb97    0xa  Code  Gb  gpio.o [3]
GPIOPinWrite                  0xb79    0x6  Code  Gb  gpio.o [3]
LED_D1                  0x2000'0000    0x1  Data  Gb  simple_io_process_sp.o [1]
Region$$Table$$Base           0xe9c          --   Gb  - Linker created -
Region$$Table$$Limit          0xeac          --   Gb  - Linker created -
SysCtlClockFreqSet            0x41d  0x204  Code  Gb  sysctl.o [3]
SysCtlPeripheralEnable        0x401    0x8  Code  Gb  sysctl.o [3]
SysCtlPeripheralReady         0x3e1    0x8  Code  Gb  sysctl.o [3]
SysTickEnable                 0xd05    0xc  Code  Gb  systick.o [3]
SysTickIntEnable              0xd11    0xc  Code  Gb  systick.o [3]
SysTickPeriodSet              0xd1d    0x8  Code  Gb  systick.o [3]
SysTick_Handler               0xbbd   0x1c  Code  Gb  simple_io_process_sp.o [1]
SystemCoreClock         0x2000'0004    0x4  Data  Gb  system_TM4C1294_TW.o [1]
SystemInit                    0xe45   0x1c  Code  Gb  system_TM4C1294_TW.o [1]
_SysCtlMemTimingGet           0x3c1   0x20  Code  Lc  sysctl.o [3]
__Vectors                       0x0          --   Gb  startup_TM4C1294.o [1]
__Vectors_End                 0x3c0         Data  Gb  startup_TM4C1294.o [1]
__Vectors_Size {Abs}          0x3c0          --   Gb  startup_TM4C1294.o [1]
__aeabi_d2f                   0xd75         Code  Gb  DblToFlt.o [4]
__aeabi_dmul                  0x8a1         Code  Gb  DblMul.o [4]
__aeabi_f2d                   0xd2d         Code  Gb  FltToDbl.o [4]
__cmain                       0xead         Code  Gb  cmain.o [5]
__exit                        0xee1   0x14  Code  Gb  exit.o [6]
__iar_data_init3              0xe75   0x28  Code  Gb  data_init.o [5]
__iar_init_vfp                0xe39         Code  Wk  startup_TM4C1294.o [1]
__iar_program_start           0xef5         Code  Gb  cstartup_M.o [5]
__iar_zero_init3              0xddd   0x38  Code  Gb  zero_init3.o [5]
__low_level_init              0xecb    0x4  Code  Gb  low_level_init.o [2]
__vector_table                  0x0         Data  Gb  startup_TM4C1294.o [1]
__vector_table_0x1c            0x1c         Data  Gb  startup_TM4C1294.o [1]
_call_main                    0xeb9         Code  Gb  cmain.o [5]
_exit                         0xed5         Code  Gb  cexit.o [5]
exit                          0xecf    0x4  Code  Gb  exit.o [2]
g_pppui32XTALtoVCO            0x6b8  0x1b0  Data  Lc  sysctl.o [3]
g_pui32VCOFrequencies         0x898    0x8  Data  Lc  sysctl.o [3]
g_pui32Xtals                  0x64c   0x6c  Data  Lc  sysctl.o [3]
g_sXTALtoMEMTIM               0x868   0x30  Data  Lc  sysctl.o [3]
main                          0xbd9   0xfe  Code  Gb  simple_io_process_sp.o [1]


[1] = C:\Users\Ardissone\ric\EK-TM4C1294_IAR8\Projects\simple_io_process_sp\Debug\Obj
[2] = dl7M_tln.a
[3] = driverlib.a
[4] = m7M_tls.a
[5] = rt7M_tl.a
[6] = shb_l.a

   3'840 bytes of readonly  code memory
      16 bytes of readonly  data memory
  32'773 bytes of readwrite data memory

Errors: none
Warnings: 1
