###############################################################################
#
# IAR ELF Linker V9.10.1.308/W64 for ARM                  26/Feb/2021  23:15:25
# Copyright 2007-2021 IAR Systems AB.
#
#    Output file  =
#        C:\Users\Ardissone\ric\EK-TM4C1294_IAR8\Projects\simple_io_main_sp\Debug\Exe\simple_io_main_sp.out
#    Map file     =
#        C:\Users\Ardissone\ric\EK-TM4C1294_IAR8\Projects\simple_io_main_sp\Debug\List\simple_io_main_sp.map
#    Command line =
#        -f
#        C:\Users\Ardissone\ric\EK-TM4C1294_IAR8\Projects\simple_io_main_sp\Debug\Exe\simple_io_main_sp.out.rsp
#        (C:\Users\Ardissone\ric\EK-TM4C1294_IAR8\TivaWare_C_Series-2.1.4.178\driverlib\ewarm\Exe\driverlib.a
#        C:\Users\Ardissone\ric\EK-TM4C1294_IAR8\Projects\simple_io_main_sp\Debug\Obj\simple_io_main_sp.o
#        C:\Users\Ardissone\ric\EK-TM4C1294_IAR8\Projects\simple_io_main_sp\Debug\Obj\startup_TM4C1294.o
#        C:\Users\Ardissone\ric\EK-TM4C1294_IAR8\Projects\simple_io_main_sp\Debug\Obj\system_TM4C1294_TW.o
#        --no_out_extension -o
#        C:\Users\Ardissone\ric\EK-TM4C1294_IAR8\Projects\simple_io_main_sp\Debug\Exe\simple_io_main_sp.out
#        --map
#        C:\Users\Ardissone\ric\EK-TM4C1294_IAR8\Projects\simple_io_main_sp\Debug\List\simple_io_main_sp.map
#        --config "C:\Program Files\IAR Systems\Embedded Workbench
#        9.0\arm\config\linker\TexasInstruments\TM4C1294NC.icf" --semihosting
#        --entry __iar_program_start --vfe --text_out locale)
#
###############################################################################

*******************************************************************************
*** MESSAGES
***

Warning[Lt009]: Inconsistent wchar_t size
            gpio.o(driverlib.a) and 4 other objects in driverlib.a have wchar_t
                      size 16 bits
            simple_io_main_sp.o and 14 other objects, some of them in
                      dl7M_tln.a and 11 other libraries have wchar_t size 32
                      bits


*******************************************************************************
*** RUNTIME MODEL ATTRIBUTES
***

CppFlavor       = *
__SystemLibrary = DLib
__dlib_version  = 6


*******************************************************************************
*** HEAP SELECTION
***

The basic heap was selected because some modules are built with
size limitations (and not runtime checking), and --advanced_heap
was not specified.


*******************************************************************************
*** PLACEMENT SUMMARY
***

"A0":  place at address 0x0 { ro section .intvec };
"P1":  place in [from 0x0 to 0xf'ffff] { ro };
define block CSTACK with size = 32K, alignment = 8 { };
define block HEAP with size = 64K, alignment = 8 { };
"P2":  place in [from 0x2000'0000 to 0x2003'ffff] {
          rw, block CSTACK, block HEAP };

  Section          Kind         Address    Size  Object
  -------          ----         -------    ----  ------
"A0":                                     0x3c0
  .intvec          ro code          0x0   0x3c0  startup_TM4C1294.o [1]
                                - 0x3c0   0x3c0

"P1":                                     0x8b4
  .text            ro code        0x3c0   0x4e0  sysctl.o [3]
  .text            ro code        0x8a0   0x16e  gpio.o [3]
  .text            ro code        0xa0e     0x2  startup_TM4C1294.o [1]
  .text            ro code        0xa10   0x124  simple_io_main_sp.o [1]
  .text            ro code        0xb34    0x28  systick.o [3]
  .text            ro code        0xb5c    0x38  zero_init3.o [4]
  .text            ro code        0xb94    0x30  system_TM4C1294_TW.o [1]
  .text            ro code        0xbc4    0x28  data_init.o [4]
  .iar.init_table  const          0xbec    0x10  - Linker created -
  .text            ro code        0xbfc    0x1e  cmain.o [4]
  .text            ro code        0xc1a     0x4  low_level_init.o [2]
  .text            ro code        0xc1e     0x4  exit.o [2]
  .text            ro code        0xc24     0xa  cexit.o [4]
  .text            ro code        0xc30    0x14  exit.o [5]
  .text            ro code        0xc44    0x1c  cstartup_M.o [4]
  .text            ro code        0xc60    0x14  startup_TM4C1294.o [1]
  .rodata          const          0xc74     0x0  zero_init3.o [4]
                                - 0xc74   0x8b4

"P2", part 1 of 2:                          0x4
  .bss             zero     0x2000'0000     0x1  simple_io_main_sp.o [1]
                          - 0x2000'0001     0x1

"P2", part 2 of 2:                       0x8004
  .noinit          uninit   0x2000'0004     0x4  system_TM4C1294_TW.o [1]
  CSTACK                    0x2000'0008  0x8000  <Block>
    CSTACK         uninit   0x2000'0008  0x8000  <Block tail>
                          - 0x2000'8008  0x8004

Unused ranges:

         From           To      Size
         ----           --      ----
        0xc74     0xf'ffff  0xf'f38c
  0x2000'8008  0x2003'ffff  0x3'7ff8


*******************************************************************************
*** INIT TABLE
***

          Address      Size
          -------      ----
Zero (__iar_zero_init3)
    1 destination range, total size 0x1:
          0x2000'0000   0x1



*******************************************************************************
*** MODULE SUMMARY
***

    Module                ro code  ro data  rw data
    ------                -------  -------  -------
command line/config:
    -----------------------------------------------
    Total:

C:\Users\Ardissone\ric\EK-TM4C1294_IAR8\Projects\simple_io_main_sp\Debug\Obj: [1]
    simple_io_main_sp.o       292                 1
    startup_TM4C1294.o        982
    system_TM4C1294_TW.o       48                 4
    -----------------------------------------------
    Total:                  1'322                 5

dl7M_tln.a: [2]
    exit.o                      4
    low_level_init.o            4
    -----------------------------------------------
    Total:                      8

driverlib.a: [3]
    gpio.o                    366
    sysctl.o                1'248
    systick.o                  40
    -----------------------------------------------
    Total:                  1'654

rt7M_tl.a: [4]
    cexit.o                    10
    cmain.o                    30
    cstartup_M.o               28
    data_init.o                40
    zero_init3.o               56
    -----------------------------------------------
    Total:                    164

shb_l.a: [5]
    exit.o                     20
    -----------------------------------------------
    Total:                     20

    Gaps                        4
    Linker created                      16   32'768
---------------------------------------------------
    Grand Total:            3'172       16   32'773


*******************************************************************************
*** ENTRY LIST
***

Entry                       Address   Size  Type      Object
-----                       -------   ----  ----      ------
.iar.init_table$$Base         0xbec          --   Gb  - Linker created -
.iar.init_table$$Limit        0xbfc          --   Gb  - Linker created -
?main                         0xbfd         Code  Gb  cmain.o [4]
CSTACK$$Base            0x2000'0008          --   Gb  - Linker created -
CSTACK$$Limit           0x2000'8008          --   Gb  - Linker created -
GPIODirModeSet                0x8a1   0x28  Code  Gb  gpio.o [3]
GPIOPadConfigSet              0x8c9   0xfe  Code  Gb  gpio.o [3]
GPIOPinRead                   0x9c7    0x6  Code  Gb  gpio.o [3]
GPIOPinTypeGPIOInput          0x9d7   0x14  Code  Gb  gpio.o [3]
GPIOPinTypeGPIOOutput         0x9eb    0xa  Code  Gb  gpio.o [3]
GPIOPinWrite                  0x9cd    0x6  Code  Gb  gpio.o [3]
LED_D1                  0x2000'0000    0x1  Data  Gb  simple_io_main_sp.o [1]
Region$$Table$$Base           0xbec          --   Gb  - Linker created -
Region$$Table$$Limit          0xbfc          --   Gb  - Linker created -
SysCtlClockFreqSet            0x41d  0x204  Code  Gb  sysctl.o [3]
SysCtlPeripheralEnable        0x401    0x8  Code  Gb  sysctl.o [3]
SysCtlPeripheralReady         0x3e1    0x8  Code  Gb  sysctl.o [3]
SysTickEnable                 0xb35    0xc  Code  Gb  systick.o [3]
SysTickIntEnable              0xb41    0xc  Code  Gb  systick.o [3]
SysTickPeriodSet              0xb4d    0x8  Code  Gb  systick.o [3]
SysTick_Handler               0xa11   0x1c  Code  Gb  simple_io_main_sp.o [1]
SystemCoreClock         0x2000'0004    0x4  Data  Gb  system_TM4C1294_TW.o [1]
SystemInit                    0xb95   0x1c  Code  Gb  system_TM4C1294_TW.o [1]
_SysCtlMemTimingGet           0x3c1   0x20  Code  Lc  sysctl.o [3]
__Vectors                       0x0          --   Gb  startup_TM4C1294.o [1]
__Vectors_End                 0x3c0         Data  Gb  startup_TM4C1294.o [1]
__Vectors_Size {Abs}          0x3c0          --   Gb  startup_TM4C1294.o [1]
__cmain                       0xbfd         Code  Gb  cmain.o [4]
__exit                        0xc31   0x14  Code  Gb  exit.o [5]
__iar_data_init3              0xbc5   0x28  Code  Gb  data_init.o [4]
__iar_init_vfp                0xc69         Code  Wk  startup_TM4C1294.o [1]
__iar_program_start           0xc45         Code  Gb  cstartup_M.o [4]
__iar_zero_init3              0xb5d   0x38  Code  Gb  zero_init3.o [4]
__low_level_init              0xc1b    0x4  Code  Gb  low_level_init.o [2]
__vector_table                  0x0         Data  Gb  startup_TM4C1294.o [1]
__vector_table_0x1c            0x1c         Data  Gb  startup_TM4C1294.o [1]
_call_main                    0xc09         Code  Gb  cmain.o [4]
_exit                         0xc25         Code  Gb  cexit.o [4]
exit                          0xc1f    0x4  Code  Gb  exit.o [2]
g_pppui32XTALtoVCO            0x6b8  0x1b0  Data  Lc  sysctl.o [3]
g_pui32VCOFrequencies         0x898    0x8  Data  Lc  sysctl.o [3]
g_pui32Xtals                  0x64c   0x6c  Data  Lc  sysctl.o [3]
g_sXTALtoMEMTIM               0x868   0x30  Data  Lc  sysctl.o [3]
main                          0xa2d   0xe6  Code  Gb  simple_io_main_sp.o [1]


[1] = C:\Users\Ardissone\ric\EK-TM4C1294_IAR8\Projects\simple_io_main_sp\Debug\Obj
[2] = dl7M_tln.a
[3] = driverlib.a
[4] = rt7M_tl.a
[5] = shb_l.a

   3'172 bytes of readonly  code memory
      16 bytes of readonly  data memory
  32'773 bytes of readwrite data memory

Errors: none
Warnings: 1
