###############################################################################
#
# IAR ELF Linker V9.10.1.308/W64 for ARM                  24/Feb/2021  20:43:50
# Copyright 2007-2021 IAR Systems AB.
#
#    Output file  =
#        C:\Users\Ardissone\ric\EK-TM4C1294_IAR8\Projects\a210224\Debug\Exe\a210224.out
#    Map file     =
#        C:\Users\Ardissone\ric\EK-TM4C1294_IAR8\Projects\a210224\Debug\List\a210224.map
#    Command line =
#        -f
#        C:\Users\Ardissone\ric\EK-TM4C1294_IAR8\Projects\a210224\Debug\Exe\a210224.out.rsp
#        (C:\Users\Ardissone\ric\EK-TM4C1294_IAR8\Projects\a210224\Debug\Obj\main.o
#        C:\Users\Ardissone\ric\EK-TM4C1294_IAR8\Projects\a210224\Debug\Obj\startup_TM4C1294.o
#        C:\Users\Ardissone\ric\EK-TM4C1294_IAR8\Projects\a210224\Debug\Obj\system_TM4C1294.o
#        --no_out_extension -o
#        C:\Users\Ardissone\ric\EK-TM4C1294_IAR8\Projects\a210224\Debug\Exe\a210224.out
#        --redirect _Printf=_PrintfFullNoMb --redirect _Scanf=_ScanfFullNoMb
#        --map
#        C:\Users\Ardissone\ric\EK-TM4C1294_IAR8\Projects\a210224\Debug\List\a210224.map
#        --config "C:\Program Files\IAR Systems\Embedded Workbench
#        9.0\arm\config\linker\TexasInstruments\TM4C1294NC.icf" --semihosting
#        --entry __iar_program_start --vfe --text_out locale)
#
###############################################################################

*******************************************************************************
*** RUNTIME MODEL ATTRIBUTES
***

CppFlavor        = *
__CPP_Exceptions = Disabled
__CPP_Language   = C++14
__SystemLibrary  = DLib
__dlib_version   = 6


*******************************************************************************
*** HEAP SELECTION
***

The basic heap was selected because some modules are built with
size limitations (and not runtime checking), and --advanced_heap
was not specified.


*******************************************************************************
*** PLACEMENT SUMMARY
***

"A0":  place at address 0x0 { ro section .intvec };
"P1":  place in [from 0x0 to 0xf'ffff] { ro };
define block CSTACK with size = 32K, alignment = 8 { };
define block HEAP with size = 64K, alignment = 8 { };
"P2":  place in [from 0x2000'0000 to 0x2003'ffff] {
          rw, block CSTACK, block HEAP };

  Section   Kind         Address    Size  Object
  -------   ----         -------    ----  ------
"A0":                              0x3c0
  .intvec   ro code          0x0   0x3c0  startup_TM4C1294.o [1]
                         - 0x3c0   0x3c0

"P1":                              0x4c8
  .text     ro code        0x3c0   0x1f8  system_TM4C1294.o [1]
  .rodata   const          0x5b8   0x1b0  system_TM4C1294.o [1]
  .rodata   const          0x768    0x6c  system_TM4C1294.o [1]
  .rodata   const          0x7d4    0x30  system_TM4C1294.o [1]
  .text     ro code        0x804    0x1e  cmain.o [3]
  .text     ro code        0x822     0x4  low_level_init.o [2]
  .text     ro code        0x826     0x4  main.o [1]
  .text     ro code        0x82a     0x4  exit.o [2]
  .text     ro code        0x82e     0x2  startup_TM4C1294.o [1]
  .text     ro code        0x830     0xa  cexit.o [3]
  .rodata   const          0x83a     0x1  unwind_debug.o [4]
  .text     ro code        0x83c    0x14  exit.o [4]
  .text     ro code        0x850    0x1c  cstartup_M.o [3]
  .text     ro code        0x86c    0x14  startup_TM4C1294.o [1]
  .rodata   const          0x880     0x8  system_TM4C1294.o [1]
                         - 0x888   0x4c8

"P2":                             0x8008
  .noinit   uninit   0x2000'0000     0x4  system_TM4C1294.o [1]
  CSTACK             0x2000'0008  0x8000  <Block>
    CSTACK  uninit   0x2000'0008  0x8000  <Block tail>
                   - 0x2000'8008  0x8008

Unused ranges:

         From           To      Size
         ----           --      ----
        0x888     0xf'ffff  0xf'f778
  0x2000'8008  0x2003'ffff  0x3'7ff8



*******************************************************************************
*** MODULE SUMMARY
***

    Module              ro code  ro data  rw data
    ------              -------  -------  -------
command line/config:
    ---------------------------------------------
    Total:

C:\Users\Ardissone\ric\EK-TM4C1294_IAR8\Projects\a210224\Debug\Obj: [1]
    main.o                    4
    startup_TM4C1294.o      982
    system_TM4C1294.o       504      596        4
    ---------------------------------------------
    Total:                1'490      596        4

dl7M_tln.a: [2]
    exit.o                    4
    low_level_init.o          4
    ---------------------------------------------
    Total:                    8

rt7M_tl.a: [3]
    cexit.o                  10
    cmain.o                  30
    cstartup_M.o             28
    ---------------------------------------------
    Total:                   68

shb_l.a: [4]
    exit.o                   20
    unwind_debug.o                     1
    ---------------------------------------------
    Total:                   20        1

    Gaps                      1
    Linker created                         32'768
-------------------------------------------------
    Grand Total:          1'587      597   32'772


*******************************************************************************
*** ENTRY LIST
***

Entry                       Address   Size  Type      Object
-----                       -------   ----  ----      ------
?main                         0x805         Code  Gb  cmain.o [3]
CSTACK$$Base            0x2000'0008          --   Gb  - Linker created -
CSTACK$$Limit           0x2000'8008          --   Gb  - Linker created -
Region$$Table$$Base             0x0          --   Gb  - Linker created -
Region$$Table$$Limit            0x0          --   Gb  - Linker created -
SystemCoreClock         0x2000'0000    0x4  Data  Gb  system_TM4C1294.o [1]
SystemInit                    0x435  0x13e  Code  Gb  system_TM4C1294.o [1]
[local to system_TM4C1294_c]::_SysCtlFrequencyGet(unsigned int)
                              0x3e3   0x52  Code  Lc  system_TM4C1294.o [1]
[local to system_TM4C1294_c]::_SysCtlMemTimingGet(unsigned int)
                              0x3c1   0x22  Code  Lc  system_TM4C1294.o [1]
__Vectors                       0x0          --   Gb  startup_TM4C1294.o [1]
__Vectors_End                 0x3c0         Data  Gb  startup_TM4C1294.o [1]
__Vectors_Size {Abs}          0x3c0          --   Gb  startup_TM4C1294.o [1]
__cmain                       0x805         Code  Gb  cmain.o [3]
__exit                        0x83d   0x14  Code  Gb  exit.o [4]
__iar_debug_exceptions        0x83a    0x1  Data  Gb  unwind_debug.o [4]
__iar_init_vfp                0x875         Code  Wk  startup_TM4C1294.o [1]
__iar_program_start           0x851         Code  Gb  cstartup_M.o [3]
__low_level_init              0x823    0x4  Code  Gb  low_level_init.o [2]
__vector_table                  0x0         Data  Gb  startup_TM4C1294.o [1]
__vector_table_0x1c            0x1c         Data  Gb  startup_TM4C1294.o [1]
_call_main                    0x811         Code  Gb  cmain.o [3]
_exit                         0x831         Code  Gb  cexit.o [3]
exit                          0x82b    0x4  Code  Gb  exit.o [2]
g_pppui32XTALtoVCO            0x5b8  0x1b0  Data  Lc  system_TM4C1294.o [1]
g_pui32VCOFrequencies         0x880    0x8  Data  Lc  system_TM4C1294.o [1]
g_pui32Xtals                  0x768   0x6c  Data  Lc  system_TM4C1294.o [1]
g_sXTALtoMEMTIM               0x7d4   0x30  Data  Lc  system_TM4C1294.o [1]
main                          0x827    0x4  Code  Gb  main.o [1]


[1] = C:\Users\Ardissone\ric\EK-TM4C1294_IAR8\Projects\a210224\Debug\Obj
[2] = dl7M_tln.a
[3] = rt7M_tl.a
[4] = shb_l.a

   1'587 bytes of readonly  code memory
     597 bytes of readonly  data memory
  32'772 bytes of readwrite data memory

Errors: none
Warnings: none
